[2026-05-19 00:37:28] [INFO] =================================
[2026-05-19 00:37:28] [INFO] INICIANDO JARVIS
[2026-05-19 00:37:28] [INFO] =================================
[2026-05-19 00:37:28] [INFO] Iniciando sistema AutoRepair...
[2026-05-19 00:37:35] [INFO] Dependencia OK: cv2
[2026-05-19 00:37:35] [INFO] Dependencia OK: PIL
[2026-05-19 00:37:38] [INFO] Dependencia OK: customtkinter
[2026-05-19 00:37:38] [INFO] Dependencia OK: numpy
[2026-05-19 00:37:38] [INFO] AutoRepair finalizado.
[2026-05-19 00:37:38] [INFO] Cargando módulos seguros...
[2026-05-19 00:37:38] [ERROR] [voice.voice] No module named 'voice.voice'
[2026-05-19 00:37:38] [ERROR] Traceback (most recent call last):
  File "C:\JARVIS\core\safe_loader.py", line 18, in load_module
    module = importlib.import_module(module_path)
             ^^^^^^^^^^^^^^^^^^^^^^^^^^^^^^^^^^^^
  File "C:\Users\alba\AppData\Local\Programs\Python\Python312\Lib\importlib\__init__.py", line 90, in import_module
    return _bootstrap._gcd_import(name[level:], package, level)
           ^^^^^^^^^^^^^^^^^^^^^^^^^^^^^^^^^^^^^^^^^^^^^^^^^^^^
  File "<frozen importlib._bootstrap>", line 1387, in _gcd_import
  File "<frozen importlib._bootstrap>", line 1360, in _find_and_load
  File "<frozen importlib._bootstrap>", line 1324, in _find_and_load_unlocked
ModuleNotFoundError: No module named 'voice.voice'

[2026-05-19 00:37:38] [WARNING] Módulo desactivado: voice.voice
[2026-05-19 00:37:38] [INFO] Módulo cargado: modules.media_module
[2026-05-19 00:37:38] [INFO] Módulo cargado: modules.enhance_module
[2026-05-19 00:37:38] [INFO] Módulo cargado: modules.automation_module
[2026-05-19 00:37:39] [INFO] Módulo cargado: modules.memory_module
[2026-05-19 00:37:39] [INFO] Módulo cargado: ui.render_panel
[2026-05-19 00:37:39] [INFO] Módulo cargado: ui.faces_panel
[2026-05-19 00:37:39] [INFO] Verificando módulos cargados...
[2026-05-19 00:37:39] [WARNING] [DESACTIVADO] voice
[2026-05-19 00:37:39] [INFO] [OK] media
[2026-05-19 00:37:39] [INFO] [OK] enhance
[2026-05-19 00:37:39] [INFO] [OK] automation
[2026-05-19 00:37:39] [INFO] [OK] memory
[2026-05-19 00:37:39] [INFO] [OK] render
[2026-05-19 00:37:39] [INFO] [OK] faces_panel
[2026-05-19 00:37:39] [INFO] Jarvis iniciado correctamente.
[2026-05-19 00:45:14] [INFO] =================================
[2026-05-19 00:45:14] [INFO] INICIANDO JARVIS
[2026-05-19 00:45:14] [INFO] =================================
[2026-05-19 00:45:14] [INFO] Iniciando sistema AutoRepair...
[2026-05-19 00:45:16] [INFO] Dependencia OK: cv2
[2026-05-19 00:45:16] [INFO] Dependencia OK: PIL
[2026-05-19 00:45:18] [INFO] Dependencia OK: customtkinter
[2026-05-19 00:45:18] [INFO] Dependencia OK: numpy
[2026-05-19 00:45:18] [INFO] AutoRepair finalizado.
[2026-05-19 00:45:18] [INFO] Cargando módulos seguros...
[2026-05-19 00:45:18] [INFO] Módulo cargado: voice.voice
[2026-05-19 00:45:18] [INFO] Módulo cargado: modules.media_module
[2026-05-19 00:45:18] [INFO] Módulo cargado: modules.enhance_module
[2026-05-19 00:45:18] [INFO] Módulo cargado: modules.automation_module
[2026-05-19 00:45:18] [INFO] Módulo cargado: modules.memory_module
[2026-05-19 00:45:18] [INFO] Módulo cargado: ui.render_panel
[2026-05-19 00:45:18] [INFO] Módulo cargado: ui.faces_panel
[2026-05-19 00:45:18] [INFO] Verificando módulos cargados...
[2026-05-19 00:45:18] [INFO] [OK] voice
[2026-05-19 00:45:18] [INFO] [OK] media
[2026-05-19 00:45:18] [INFO] [OK] enhance
[2026-05-19 00:45:18] [INFO] [OK] automation
[2026-05-19 00:45:18] [INFO] [OK] memory
[2026-05-19 00:45:18] [INFO] [OK] render
[2026-05-19 00:45:18] [INFO] [OK] faces_panel
[2026-05-19 00:45:18] [INFO] Jarvis iniciado correctamente.
[2026-05-19 00:54:59] [INFO] Cerrando Jarvis...
[2026-05-19 00:56:37] [INFO] =================================
[2026-05-19 00:56:37] [INFO] INICIANDO JARVIS
[2026-05-19 00:56:37] [INFO] =================================
[2026-05-19 00:56:37] [INFO] Iniciando sistema AutoRepair...
[2026-05-19 00:56:42] [INFO] Dependencia OK: cv2
[2026-05-19 00:56:42] [INFO] Dependencia OK: PIL
[2026-05-19 00:56:45] [INFO] Dependencia OK: customtkinter
[2026-05-19 00:56:45] [INFO] Dependencia OK: numpy
[2026-05-19 00:56:45] [INFO] AutoRepair finalizado.
[2026-05-19 00:56:45] [INFO] Cargando módulos seguros...
[2026-05-19 00:56:46] [INFO] Módulo cargado: voice.voice
[2026-05-19 00:56:46] [INFO] Módulo cargado: modules.media_module
[2026-05-19 00:56:46] [INFO] Módulo cargado: modules.enhance_module
[2026-05-19 00:56:46] [INFO] Módulo cargado: modules.automation_module
[2026-05-19 00:56:46] [INFO] Módulo cargado: modules.memory_module
[2026-05-19 00:56:46] [INFO] Módulo cargado: ui.render_panel
[2026-05-19 00:56:46] [INFO] Módulo cargado: ui.faces_panel
[2026-05-19 00:56:46] [INFO] Verificando módulos cargados...
[2026-05-19 00:56:46] [INFO] [OK] voice
[2026-05-19 00:56:46] [INFO] [OK] media
[2026-05-19 00:56:46] [INFO] [OK] enhance
[2026-05-19 00:56:46] [INFO] [OK] automation
[2026-05-19 00:56:46] [INFO] [OK] memory
[2026-05-19 00:56:46] [INFO] [OK] render
[2026-05-19 00:56:46] [INFO] [OK] faces_panel
[2026-05-19 00:56:46] [INFO] Jarvis iniciado correctamente.
[2026-05-19 22:18:31] [INFO] =================================
[2026-05-19 22:18:31] [INFO] INICIANDO JARVIS
[2026-05-19 22:18:31] [INFO] =================================
[2026-05-19 22:18:31] [INFO] Iniciando sistema AutoRepair...
[2026-05-19 22:18:38] [INFO] Dependencia OK: cv2
[2026-05-19 22:18:38] [INFO] Dependencia OK: PIL
[2026-05-19 22:18:41] [INFO] Dependencia OK: customtkinter
[2026-05-19 22:18:41] [INFO] Dependencia OK: numpy
[2026-05-19 22:18:41] [INFO] AutoRepair finalizado.
[2026-05-19 22:18:41] [INFO] Cargando módulos seguros...
[2026-05-19 22:18:41] [INFO] Módulo cargado: voice.voice
[2026-05-19 22:18:41] [INFO] Módulo cargado: modules.media_module
[2026-05-19 22:18:41] [INFO] Módulo cargado: modules.enhance_module
[2026-05-19 22:18:42] [INFO] Módulo cargado: modules.automation_module
[2026-05-19 22:18:42] [INFO] Módulo cargado: modules.memory_module
[2026-05-19 22:18:42] [INFO] Módulo cargado: ui.render_panel
[2026-05-19 22:18:42] [INFO] Módulo cargado: ui.faces_panel
[2026-05-19 22:18:42] [INFO] Verificando módulos cargados...
[2026-05-19 22:18:42] [INFO] [OK] voice
[2026-05-19 22:18:42] [INFO] [OK] media
[2026-05-19 22:18:42] [INFO] [OK] enhance
[2026-05-19 22:18:42] [INFO] [OK] automation
[2026-05-19 22:18:42] [INFO] [OK] memory
[2026-05-19 22:18:42] [INFO] [OK] render
[2026-05-19 22:18:42] [INFO] [OK] faces_panel
[2026-05-19 22:18:42] [INFO] Jarvis iniciado correctamente.
[2026-05-19 22:29:54] [INFO] Cerrando Jarvis...
[2026-05-19 22:39:04] [INFO] =================================
[2026-05-19 22:39:04] [INFO] INICIANDO JARVIS
[2026-05-19 22:39:04] [INFO] =================================
[2026-05-19 22:39:04] [INFO] Iniciando sistema AutoRepair...
[2026-05-19 22:39:07] [INFO] Dependencia OK: cv2
[2026-05-19 22:39:07] [INFO] Dependencia OK: PIL
[2026-05-19 22:39:09] [INFO] Dependencia OK: customtkinter
[2026-05-19 22:39:09] [INFO] Dependencia OK: numpy
[2026-05-19 22:39:09] [INFO] AutoRepair finalizado.
[2026-05-19 22:39:09] [INFO] Cargando módulos seguros...
[2026-05-19 22:39:09] [INFO] Módulo cargado: voice.voice
[2026-05-19 22:39:09] [INFO] Módulo cargado: modules.media_module
[2026-05-19 22:39:09] [INFO] Módulo cargado: modules.enhance_module
[2026-05-19 22:39:09] [INFO] Módulo cargado: modules.automation_module
[2026-05-19 22:39:09] [INFO] Módulo cargado: modules.memory_module
[2026-05-19 22:39:09] [INFO] Módulo cargado: ui.render_panel
[2026-05-19 22:39:09] [INFO] Módulo cargado: ui.faces_panel
[2026-05-19 22:39:09] [INFO] Verificando módulos cargados...
[2026-05-19 22:39:09] [INFO] [OK] voice
[2026-05-19 22:39:09] [INFO] [OK] media
[2026-05-19 22:39:09] [INFO] [OK] enhance
[2026-05-19 22:39:09] [INFO] [OK] automation
[2026-05-19 22:39:09] [INFO] [OK] memory
[2026-05-19 22:39:09] [INFO] [OK] render
[2026-05-19 22:39:09] [INFO] [OK] faces_panel
[2026-05-19 22:39:09] [INFO] Jarvis iniciado correctamente.
